// Jest Snapshot v1, https://goo.gl/fbAQLP

exports[`MessageList 镜像测试 渲染MessageList 1`] = `
.c0 {
  position: fixed;
  display: -webkit-box;
  display: -webkit-flex;
  display: -ms-flexbox;
  display: flex;
  -webkit-flex-direction: column;
  -ms-flex-direction: column;
  flex-direction: column;
  -webkit-align-items: center;
  -webkit-box-align: center;
  -ms-flex-align: center;
  align-items: center;
  margin: 0 8px;
  margin-top: -40px;
  top: 16px;
  right: 0;
  left: 0;
  z-index: 2900;
  line-height: 1.5;
  font-size: 0.875rem;
  font-family: "Helvetica Neue",Helvetica,Arial,sans-serif,"Apple Color Emoji","Segoe UI Emoji","Segoe UI Symbol";
  color: rgba(0,0,0,0.87);
  pointer-events: none;
  box-sizing: border-box;
}

<div
  className="c0"
/>
`;

exports[`MessageList 镜像测试 渲染MessageList--无数据 1`] = `
.c0 {
  position: fixed;
  display: -webkit-box;
  display: -webkit-flex;
  display: -ms-flexbox;
  display: flex;
  -webkit-flex-direction: column;
  -ms-flex-direction: column;
  flex-direction: column;
  -webkit-align-items: center;
  -webkit-box-align: center;
  -ms-flex-align: center;
  align-items: center;
  margin: 0 8px;
  margin-top: -40px;
  top: 16px;
  right: 0;
  left: 0;
  z-index: 2900;
  line-height: 1.5;
  font-size: 0.875rem;
  font-family: "Helvetica Neue",Helvetica,Arial,sans-serif,"Apple Color Emoji","Segoe UI Emoji","Segoe UI Symbol";
  color: rgba(0,0,0,0.87);
  pointer-events: none;
  box-sizing: border-box;
}

<div
  className="c0"
/>
`;
